This is pdfTeX, Version 3.14159265-2.6-1.40.21 (MiKTeX 21.1) (preloaded format=pdflatex 2021.4.13)  22 AUG 2023 09:58
entering extended mode
**./sample.tex
(sample.tex
LaTeX2e <2020-10-01> patch level 4
L3 programming layer <2021-01-09> xparse <2020-03-03> (kjas3.cls

LaTeX Warning: You have requested document class `kjas3',
               but the document class provides `ckss'.

Document Class: ckss 2008/11/12 v0.1 Communications for Statistical Application
s and Methods class
(C:\Users\KSS-PC\AppData\Roaming\MiKTeX\tex/latex/cjk-ko\kotex.sty
Package: kotex 2015/04/19 v1.6 Korean TeX (ko.TeX)

("C:\Program Files\MiKTeX\tex/latex/kotex-utf\kotex.cfg")
("C:\Program Files\MiKTeX\tex/latex/kotex-utf\kotexutf.sty"
Package: kotexutf 2015/07/18 v2.1.1 typesetting UTF-8 Korean documents

("C:\Program Files\MiKTeX\tex/latex/base\inputenc.sty"
Package: inputenc 2020/08/01 v1.3d Input encoding file
\inpenc@prehook=\toks15
\inpenc@posthook=\toks16
)
("C:\Program Files\MiKTeX\tex/plain/kotex-plain\kotexutf-core.tex"
\unih@ngulpoint=\count177
\dhucs@emph@raise=\dimen138
)
Now handling font encoding LUC ...
... processing UTF-8 mapping file for font encoding LUC

("C:\Program Files\MiKTeX\tex/latex/kotex-utf\lucenc.dfu"
File: lucenc.dfu 2007/09/05 UTF-8 support for dhucs
   defining Unicode char U+00B7 (decimal 183)
   defining Unicode char U+2018 (decimal 8216)
   defining Unicode char U+2019 (decimal 8217)
   defining Unicode char U+201C (decimal 8220)
   defining Unicode char U+201D (decimal 8221)
   defining Unicode char U+3001 (decimal 12289)
   defining Unicode char U+3002 (decimal 12290)
   defining Unicode char U+3008 (decimal 12296)
   defining Unicode char U+3009 (decimal 12297)
   defining Unicode char U+300A (decimal 12298)
   defining Unicode char U+300B (decimal 12299)
   defining Unicode char U+300C (decimal 12300)
   defining Unicode char U+300D (decimal 12301)
   defining Unicode char U+300E (decimal 12302)
   defining Unicode char U+300F (decimal 12303)
   defining Unicode char U+3010 (decimal 12304)
   defining Unicode char U+3011 (decimal 12305)
   defining Unicode char U+3014 (decimal 12308)
   defining Unicode char U+3015 (decimal 12309)
   defining Unicode char U+3016 (decimal 12310)
   defining Unicode char U+3017 (decimal 12311)
   defining Unicode char U+3018 (decimal 12312)
   defining Unicode char U+3019 (decimal 12313)
   defining Unicode char U+301A (decimal 12314)
   defining Unicode char U+301B (decimal 12315)
   defining Unicode char U+FF01 (decimal 65281)
   defining Unicode char U+FF08 (decimal 65288)
   defining Unicode char U+FF09 (decimal 65289)
   defining Unicode char U+FF0C (decimal 65292)
   defining Unicode char U+FF0E (decimal 65294)
   defining Unicode char U+FF1A (decimal 65306)
   defining Unicode char U+FF1B (decimal 65307)
   defining Unicode char U+FF1C (decimal 65308)
   defining Unicode char U+FF1D (decimal 65309)
   defining Unicode char U+FF1E (decimal 65310)
   defining Unicode char U+FF1F (decimal 65311)
   defining Unicode char U+FF3B (decimal 65339)
   defining Unicode char U+FF3D (decimal 65341)
   defining Unicode char U+FF5B (decimal 65371)
   defining Unicode char U+FF5D (decimal 65373)
   defining Unicode char U+FF61 (decimal 65377)
   defining Unicode char U+FF62 (decimal 65378)
   defining Unicode char U+FF63 (decimal 65379)
   defining Unicode char U+FF64 (decimal 65380)
   defining Unicode char U+FF65 (decimal 65381)
)
\@josa=\count178
\josatoks=\toks17

(C:\Users\KSS-PC\AppData\Roaming\MiKTeX\tex/latex/cjk-ko\kolabels-utf.sty
Package: kolabels-utf 2015/03/20 v1.5 UTF-8 Hangul item labels
)))
(C:\Users\KSS-PC\AppData\Roaming\MiKTeX\tex/latex/caption\caption.sty
Package: caption 2020/10/26 v3.5g Customizing captions (AR)

(C:\Users\KSS-PC\AppData\Roaming\MiKTeX\tex/latex/caption\caption3.sty
Package: caption3 2020/10/21 v2.2e caption3 kernel (AR)

("C:\Program Files\MiKTeX\tex/latex/graphics\keyval.sty"
Package: keyval 2014/10/28 v1.15 key=value parser (DPC)
\KV@toks@=\toks18
)
\captionmargin=\dimen139
\captionmargin@=\dimen140
\captionwidth=\dimen141
\caption@tempdima=\dimen142
\caption@indent=\dimen143
\caption@parindent=\dimen144
\caption@hangindent=\dimen145
\abovecaptionskip=\skip47
\belowcaptionskip=\skip48
Package caption Info: Document class w/o caption stuff detected.
)
\c@caption@flags=\count179
\c@continuedfloat=\count180
)
("C:\Program Files\MiKTeX\tex/latex/base\ifthen.sty"
Package: ifthen 2014/09/29 v1.1c Standard LaTeX ifthen package (DPC)
)
("C:\Program Files\MiKTeX\tex/latex/base\size10.clo"
File: size10.clo 2020/04/10 v1.4m Standard LaTeX file (size option)
)
("C:\Program Files\MiKTeX\tex/latex/amsmath\amsmath.sty"
Package: amsmath 2020/09/23 v2.17i AMS math features
\@mathmargin=\skip49

For additional information on amsmath, use the `?' option.
("C:\Program Files\MiKTeX\tex/latex/amsmath\amstext.sty"
Package: amstext 2000/06/29 v2.01 AMS text

("C:\Program Files\MiKTeX\tex/latex/amsmath\amsgen.sty"
File: amsgen.sty 1999/11/30 v2.0 generic functions
\@emptytoks=\toks19
\ex@=\dimen146
))
("C:\Program Files\MiKTeX\tex/latex/amsmath\amsbsy.sty"
Package: amsbsy 1999/11/29 v1.2d Bold Symbols
\pmbraise@=\dimen147
)
("C:\Program Files\MiKTeX\tex/latex/amsmath\amsopn.sty"
Package: amsopn 2016/03/08 v2.02 operator names
)
\inf@bad=\count181
LaTeX Info: Redefining \frac on input line 234.
\uproot@=\count182
\leftroot@=\count183
LaTeX Info: Redefining \overline on input line 399.
\classnum@=\count184
\DOTSCASE@=\count185
LaTeX Info: Redefining \ldots on input line 496.
LaTeX Info: Redefining \dots on input line 499.
LaTeX Info: Redefining \cdots on input line 620.
\Mathstrutbox@=\box47
\strutbox@=\box48
\big@size=\dimen148
LaTeX Font Info:    Redeclaring font encoding OML on input line 743.
LaTeX Font Info:    Redeclaring font encoding OMS on input line 744.
\macc@depth=\count186
\c@MaxMatrixCols=\count187
\dotsspace@=\muskip16
\c@parentequation=\count188
\dspbrk@lvl=\count189
\tag@help=\toks20
\row@=\count190
\column@=\count191
\maxfields@=\count192
\andhelp@=\toks21
\eqnshift@=\dimen149
\alignsep@=\dimen150
\tagshift@=\dimen151
\tagwidth@=\dimen152
\totwidth@=\dimen153
\lineht@=\dimen154
\@envbody=\toks22
\multlinegap=\skip50
\multlinetaggap=\skip51
\mathdisplay@stack=\toks23
LaTeX Info: Redefining \[ on input line 2923.
LaTeX Info: Redefining \] on input line 2924.
)
(C:\Users\KSS-PC\AppData\Roaming\MiKTeX\tex/latex/txfonts\txfonts.sty
Package: txfonts 2008/01/22 v3.2.1
LaTeX Font Info:    Redeclaring symbol font `operators' on input line 21.
LaTeX Font Info:    Overwriting symbol font `operators' in version `normal'
(Font)                  OT1/cmr/m/n --> OT1/txr/m/n on input line 21.
LaTeX Font Info:    Overwriting symbol font `operators' in version `bold'
(Font)                  OT1/cmr/bx/n --> OT1/txr/m/n on input line 21.
LaTeX Font Info:    Overwriting symbol font `operators' in version `bold'
(Font)                  OT1/txr/m/n --> OT1/txr/bx/n on input line 22.
\symitalic=\mathgroup4
LaTeX Font Info:    Overwriting symbol font `italic' in version `bold'
(Font)                  OT1/txr/m/it --> OT1/txr/bx/it on input line 26.
LaTeX Font Info:    Redeclaring math alphabet \mathbf on input line 29.
LaTeX Font Info:    Overwriting math alphabet `\mathbf' in version `normal'
(Font)                  OT1/cmr/bx/n --> OT1/txr/bx/n on input line 29.
LaTeX Font Info:    Overwriting math alphabet `\mathbf' in version `bold'
(Font)                  OT1/cmr/bx/n --> OT1/txr/bx/n on input line 29.
LaTeX Font Info:    Redeclaring math alphabet \mathit on input line 30.
LaTeX Font Info:    Overwriting math alphabet `\mathit' in version `normal'
(Font)                  OT1/cmr/m/it --> OT1/txr/m/it on input line 30.
LaTeX Font Info:    Overwriting math alphabet `\mathit' in version `bold'
(Font)                  OT1/cmr/bx/it --> OT1/txr/m/it on input line 30.
LaTeX Font Info:    Overwriting math alphabet `\mathit' in version `bold'
(Font)                  OT1/txr/m/it --> OT1/txr/bx/it on input line 31.
LaTeX Font Info:    Redeclaring math alphabet \mathsf on input line 40.
LaTeX Font Info:    Overwriting math alphabet `\mathsf' in version `normal'
(Font)                  OT1/cmss/m/n --> OT1/txss/m/n on input line 40.
LaTeX Font Info:    Overwriting math alphabet `\mathsf' in version `bold'
(Font)                  OT1/cmss/bx/n --> OT1/txss/m/n on input line 40.
LaTeX Font Info:    Overwriting math alphabet `\mathsf' in version `bold'
(Font)                  OT1/txss/m/n --> OT1/txss/b/n on input line 41.
LaTeX Font Info:    Redeclaring math alphabet \mathtt on input line 50.
LaTeX Font Info:    Overwriting math alphabet `\mathtt' in version `normal'
(Font)                  OT1/cmtt/m/n --> OT1/txtt/m/n on input line 50.
LaTeX Font Info:    Overwriting math alphabet `\mathtt' in version `bold'
(Font)                  OT1/cmtt/m/n --> OT1/txtt/m/n on input line 50.
LaTeX Font Info:    Overwriting math alphabet `\mathtt' in version `bold'
(Font)                  OT1/txtt/m/n --> OT1/txtt/b/n on input line 51.
LaTeX Font Info:    Redeclaring symbol font `letters' on input line 58.
LaTeX Font Info:    Overwriting symbol font `letters' in version `normal'
(Font)                  OML/cmm/m/it --> OML/txmi/m/it on input line 58.
LaTeX Font Info:    Overwriting symbol font `letters' in version `bold'
(Font)                  OML/cmm/b/it --> OML/txmi/m/it on input line 58.
LaTeX Font Info:    Overwriting symbol font `letters' in version `bold'
(Font)                  OML/txmi/m/it --> OML/txmi/bx/it on input line 59.
\symlettersA=\mathgroup5
LaTeX Font Info:    Overwriting symbol font `lettersA' in version `bold'
(Font)                  U/txmia/m/it --> U/txmia/bx/it on input line 67.
LaTeX Font Info:    Redeclaring symbol font `symbols' on input line 77.
LaTeX Font Info:    Overwriting symbol font `symbols' in version `normal'
(Font)                  OMS/cmsy/m/n --> OMS/txsy/m/n on input line 77.
LaTeX Font Info:    Overwriting symbol font `symbols' in version `bold'
(Font)                  OMS/cmsy/b/n --> OMS/txsy/m/n on input line 77.
LaTeX Font Info:    Overwriting symbol font `symbols' in version `bold'
(Font)                  OMS/txsy/m/n --> OMS/txsy/bx/n on input line 78.
\symAMSa=\mathgroup6
LaTeX Font Info:    Overwriting symbol font `AMSa' in version `bold'
(Font)                  U/txsya/m/n --> U/txsya/bx/n on input line 94.
\symAMSb=\mathgroup7
LaTeX Font Info:    Overwriting symbol font `AMSb' in version `bold'
(Font)                  U/txsyb/m/n --> U/txsyb/bx/n on input line 103.
\symsymbolsC=\mathgroup8
LaTeX Font Info:    Overwriting symbol font `symbolsC' in version `bold'
(Font)                  U/txsyc/m/n --> U/txsyc/bx/n on input line 113.
LaTeX Font Info:    Redeclaring symbol font `largesymbols' on input line 120.
LaTeX Font Info:    Overwriting symbol font `largesymbols' in version `normal'
(Font)                  OMX/cmex/m/n --> OMX/txex/m/n on input line 120.
LaTeX Font Info:    Overwriting symbol font `largesymbols' in version `bold'
(Font)                  OMX/cmex/m/n --> OMX/txex/m/n on input line 120.
LaTeX Font Info:    Overwriting symbol font `largesymbols' in version `bold'
(Font)                  OMX/txex/m/n --> OMX/txex/bx/n on input line 121.
\symlargesymbolsA=\mathgroup9
LaTeX Font Info:    Overwriting symbol font `largesymbolsA' in version `bold'
(Font)                  U/txexa/m/n --> U/txexa/bx/n on input line 129.
LaTeX Font Info:    Redeclaring math symbol \mathsterling on input line 164.
LaTeX Font Info:    Redeclaring math symbol \hbar on input line 591.
LaTeX Info: Redefining \not on input line 1043.
)
(C:\Users\KSS-PC\AppData\Roaming\MiKTeX\tex/latex/fancyhdr\fancyhdr.sty
Package: fancyhdr 2021/01/28 v4.0.1 Extensive control of page headers and foote
rs
\f@nch@headwidth=\skip52
\f@nch@O@elh=\skip53
\f@nch@O@erh=\skip54
\f@nch@O@olh=\skip55
\f@nch@O@orh=\skip56
\f@nch@O@elf=\skip57
\f@nch@O@erf=\skip58
\f@nch@O@olf=\skip59
\f@nch@O@orf=\skip60
)
("C:\Program Files\MiKTeX\tex/latex/amsfonts\amssymb.sty"
Package: amssymb 2013/01/14 v3.01 AMS font symbols

("C:\Program Files\MiKTeX\tex/latex/amsfonts\amsfonts.sty"
Package: amsfonts 2013/01/14 v3.01 Basic AMSFonts support
LaTeX Font Info:    Redeclaring symbol font `AMSa' on input line 59.
LaTeX Font Info:    Overwriting symbol font `AMSa' in version `normal'
(Font)                  U/txsya/m/n --> U/msa/m/n on input line 59.
LaTeX Font Info:    Overwriting symbol font `AMSa' in version `bold'
(Font)                  U/txsya/bx/n --> U/msa/m/n on input line 59.
LaTeX Font Info:    Redeclaring symbol font `AMSb' on input line 60.
LaTeX Font Info:    Overwriting symbol font `AMSb' in version `normal'
(Font)                  U/txsyb/m/n --> U/msb/m/n on input line 60.
LaTeX Font Info:    Overwriting symbol font `AMSb' in version `bold'
(Font)                  U/txsyb/bx/n --> U/msb/m/n on input line 60.
LaTeX Font Info:    Redeclaring math delimiter \ulcorner on input line 74.
LaTeX Font Info:    Redeclaring math delimiter \urcorner on input line 75.
LaTeX Font Info:    Redeclaring math delimiter \llcorner on input line 76.
LaTeX Font Info:    Redeclaring math delimiter \lrcorner on input line 77.
LaTeX Font Info:    Redeclaring math symbol \square on input line 141.
LaTeX Font Info:    Redeclaring math symbol \lozenge on input line 142.
)
LaTeX Font Info:    Redeclaring math symbol \boxdot on input line 44.
LaTeX Font Info:    Redeclaring math symbol \boxplus on input line 45.
LaTeX Font Info:    Redeclaring math symbol \boxtimes on input line 46.
LaTeX Font Info:    Redeclaring math symbol \blacksquare on input line 48.
LaTeX Font Info:    Redeclaring math symbol \centerdot on input line 49.
LaTeX Font Info:    Redeclaring math symbol \blacklozenge on input line 51.
LaTeX Font Info:    Redeclaring math symbol \circlearrowright on input line 52.

LaTeX Font Info:    Redeclaring math symbol \circlearrowleft on input line 53.
LaTeX Font Info:    Redeclaring math symbol \leftrightharpoons on input line 56
.
LaTeX Font Info:    Redeclaring math symbol \boxminus on input line 57.
LaTeX Font Info:    Redeclaring math symbol \Vdash on input line 58.
LaTeX Font Info:    Redeclaring math symbol \Vvdash on input line 59.
LaTeX Font Info:    Redeclaring math symbol \vDash on input line 60.
LaTeX Font Info:    Redeclaring math symbol \twoheadrightarrow on input line 61
.
LaTeX Font Info:    Redeclaring math symbol \twoheadleftarrow on input line 62.

LaTeX Font Info:    Redeclaring math symbol \leftleftarrows on input line 63.
LaTeX Font Info:    Redeclaring math symbol \rightrightarrows on input line 64.

LaTeX Font Info:    Redeclaring math symbol \upuparrows on input line 65.
LaTeX Font Info:    Redeclaring math symbol \downdownarrows on input line 66.
LaTeX Font Info:    Redeclaring math symbol \upharpoonright on input line 67.
LaTeX Font Info:    Redeclaring math symbol \downharpoonright on input line 69.

LaTeX Font Info:    Redeclaring math symbol \upharpoonleft on input line 70.
LaTeX Font Info:    Redeclaring math symbol \downharpoonleft on input line 71.
LaTeX Font Info:    Redeclaring math symbol \rightarrowtail on input line 72.
LaTeX Font Info:    Redeclaring math symbol \leftarrowtail on input line 73.
LaTeX Font Info:    Redeclaring math symbol \leftrightarrows on input line 74.
LaTeX Font Info:    Redeclaring math symbol \rightleftarrows on input line 75.
LaTeX Font Info:    Redeclaring math symbol \Lsh on input line 76.
LaTeX Font Info:    Redeclaring math symbol \Rsh on input line 77.
LaTeX Font Info:    Redeclaring math symbol \leftrightsquigarrow on input line 
79.
LaTeX Font Info:    Redeclaring math symbol \looparrowleft on input line 80.
LaTeX Font Info:    Redeclaring math symbol \looparrowright on input line 81.
LaTeX Font Info:    Redeclaring math symbol \circeq on input line 82.
LaTeX Font Info:    Redeclaring math symbol \succsim on input line 83.
LaTeX Font Info:    Redeclaring math symbol \gtrsim on input line 84.
LaTeX Font Info:    Redeclaring math symbol \gtrapprox on input line 85.
LaTeX Font Info:    Redeclaring math symbol \multimap on input line 86.
LaTeX Font Info:    Redeclaring math symbol \therefore on input line 87.
LaTeX Font Info:    Redeclaring math symbol \because on input line 88.
LaTeX Font Info:    Redeclaring math symbol \doteqdot on input line 89.
LaTeX Font Info:    Redeclaring math symbol \triangleq on input line 91.
LaTeX Font Info:    Redeclaring math symbol \precsim on input line 92.
LaTeX Font Info:    Redeclaring math symbol \lesssim on input line 93.
LaTeX Font Info:    Redeclaring math symbol \lessapprox on input line 94.
LaTeX Font Info:    Redeclaring math symbol \eqslantless on input line 95.
LaTeX Font Info:    Redeclaring math symbol \eqslantgtr on input line 96.
LaTeX Font Info:    Redeclaring math symbol \curlyeqprec on input line 97.
LaTeX Font Info:    Redeclaring math symbol \curlyeqsucc on input line 98.
LaTeX Font Info:    Redeclaring math symbol \preccurlyeq on input line 99.
LaTeX Font Info:    Redeclaring math symbol \leqq on input line 100.
LaTeX Font Info:    Redeclaring math symbol \leqslant on input line 101.
LaTeX Font Info:    Redeclaring math symbol \lessgtr on input line 102.
LaTeX Font Info:    Redeclaring math symbol \backprime on input line 103.
LaTeX Font Info:    Redeclaring math symbol \risingdotseq on input line 104.
LaTeX Font Info:    Redeclaring math symbol \fallingdotseq on input line 105.
LaTeX Font Info:    Redeclaring math symbol \succcurlyeq on input line 106.
LaTeX Font Info:    Redeclaring math symbol \geqq on input line 107.
LaTeX Font Info:    Redeclaring math symbol \geqslant on input line 108.
LaTeX Font Info:    Redeclaring math symbol \gtrless on input line 109.
LaTeX Font Info:    Redeclaring math symbol \bigstar on input line 117.
LaTeX Font Info:    Redeclaring math symbol \between on input line 118.
LaTeX Font Info:    Redeclaring math symbol \blacktriangledown on input line 11
9.
LaTeX Font Info:    Redeclaring math symbol \blacktriangleright on input line 1
20.
LaTeX Font Info:    Redeclaring math symbol \blacktriangleleft on input line 12
1.
LaTeX Font Info:    Redeclaring math symbol \vartriangle on input line 122.
LaTeX Font Info:    Redeclaring math symbol \blacktriangle on input line 123.
LaTeX Font Info:    Redeclaring math symbol \triangledown on input line 124.
LaTeX Font Info:    Redeclaring math symbol \eqcirc on input line 125.
LaTeX Font Info:    Redeclaring math symbol \lesseqgtr on input line 126.
LaTeX Font Info:    Redeclaring math symbol \gtreqless on input line 127.
LaTeX Font Info:    Redeclaring math symbol \lesseqqgtr on input line 128.
LaTeX Font Info:    Redeclaring math symbol \gtreqqless on input line 129.
LaTeX Font Info:    Redeclaring math symbol \Rrightarrow on input line 130.
LaTeX Font Info:    Redeclaring math symbol \Lleftarrow on input line 131.
LaTeX Font Info:    Redeclaring math symbol \veebar on input line 132.
LaTeX Font Info:    Redeclaring math symbol \barwedge on input line 133.
LaTeX Font Info:    Redeclaring math symbol \doublebarwedge on input line 134.
LaTeX Font Info:    Redeclaring math symbol \measuredangle on input line 137.
LaTeX Font Info:    Redeclaring math symbol \sphericalangle on input line 138.
LaTeX Font Info:    Redeclaring math symbol \varpropto on input line 139.
LaTeX Font Info:    Redeclaring math symbol \smallsmile on input line 140.
LaTeX Font Info:    Redeclaring math symbol \smallfrown on input line 141.
LaTeX Font Info:    Redeclaring math symbol \Subset on input line 142.
LaTeX Font Info:    Redeclaring math symbol \Supset on input line 143.
LaTeX Font Info:    Redeclaring math symbol \Cup on input line 144.
LaTeX Font Info:    Redeclaring math symbol \Cap on input line 146.
LaTeX Font Info:    Redeclaring math symbol \curlywedge on input line 148.
LaTeX Font Info:    Redeclaring math symbol \curlyvee on input line 149.
LaTeX Font Info:    Redeclaring math symbol \leftthreetimes on input line 150.
LaTeX Font Info:    Redeclaring math symbol \rightthreetimes on input line 151.

LaTeX Font Info:    Redeclaring math symbol \subseteqq on input line 152.
LaTeX Font Info:    Redeclaring math symbol \supseteqq on input line 153.
LaTeX Font Info:    Redeclaring math symbol \bumpeq on input line 154.
LaTeX Font Info:    Redeclaring math symbol \Bumpeq on input line 155.
LaTeX Font Info:    Redeclaring math symbol \lll on input line 156.
LaTeX Font Info:    Redeclaring math symbol \ggg on input line 158.
LaTeX Font Info:    Redeclaring math symbol \circledS on input line 160.
LaTeX Font Info:    Redeclaring math symbol \pitchfork on input line 161.
LaTeX Font Info:    Redeclaring math symbol \dotplus on input line 162.
LaTeX Font Info:    Redeclaring math symbol \backsim on input line 163.
LaTeX Font Info:    Redeclaring math symbol \backsimeq on input line 164.
LaTeX Font Info:    Redeclaring math symbol \complement on input line 165.
LaTeX Font Info:    Redeclaring math symbol \intercal on input line 166.
LaTeX Font Info:    Redeclaring math symbol \circledcirc on input line 167.
LaTeX Font Info:    Redeclaring math symbol \circledast on input line 168.
LaTeX Font Info:    Redeclaring math symbol \circleddash on input line 169.
LaTeX Font Info:    Redeclaring math symbol \lvertneqq on input line 171.
LaTeX Font Info:    Redeclaring math symbol \gvertneqq on input line 172.
LaTeX Font Info:    Redeclaring math symbol \nleq on input line 173.
LaTeX Font Info:    Redeclaring math symbol \ngeq on input line 174.
LaTeX Font Info:    Redeclaring math symbol \nless on input line 175.
LaTeX Font Info:    Redeclaring math symbol \ngtr on input line 176.
LaTeX Font Info:    Redeclaring math symbol \nprec on input line 177.
LaTeX Font Info:    Redeclaring math symbol \nsucc on input line 178.
LaTeX Font Info:    Redeclaring math symbol \lneqq on input line 179.
LaTeX Font Info:    Redeclaring math symbol \gneqq on input line 180.
LaTeX Font Info:    Redeclaring math symbol \nleqslant on input line 181.
LaTeX Font Info:    Redeclaring math symbol \ngeqslant on input line 182.
LaTeX Font Info:    Redeclaring math symbol \lneq on input line 183.
LaTeX Font Info:    Redeclaring math symbol \gneq on input line 184.
LaTeX Font Info:    Redeclaring math symbol \npreceq on input line 185.
LaTeX Font Info:    Redeclaring math symbol \nsucceq on input line 186.
LaTeX Font Info:    Redeclaring math symbol \precnsim on input line 187.
LaTeX Font Info:    Redeclaring math symbol \succnsim on input line 188.
LaTeX Font Info:    Redeclaring math symbol \lnsim on input line 189.
LaTeX Font Info:    Redeclaring math symbol \gnsim on input line 190.
LaTeX Font Info:    Redeclaring math symbol \nleqq on input line 191.
LaTeX Font Info:    Redeclaring math symbol \ngeqq on input line 192.
LaTeX Font Info:    Redeclaring math symbol \precneqq on input line 193.
LaTeX Font Info:    Redeclaring math symbol \succneqq on input line 194.
LaTeX Font Info:    Redeclaring math symbol \precnapprox on input line 195.
LaTeX Font Info:    Redeclaring math symbol \succnapprox on input line 196.
LaTeX Font Info:    Redeclaring math symbol \lnapprox on input line 197.
LaTeX Font Info:    Redeclaring math symbol \gnapprox on input line 198.
LaTeX Font Info:    Redeclaring math symbol \nsim on input line 199.
LaTeX Font Info:    Redeclaring math symbol \ncong on input line 200.
LaTeX Font Info:    Redeclaring math symbol \diagup on input line 201.
LaTeX Font Info:    Redeclaring math symbol \diagdown on input line 202.
LaTeX Font Info:    Redeclaring math symbol \varsubsetneq on input line 203.
LaTeX Font Info:    Redeclaring math symbol \varsupsetneq on input line 204.
LaTeX Font Info:    Redeclaring math symbol \nsubseteqq on input line 205.
LaTeX Font Info:    Redeclaring math symbol \nsupseteqq on input line 206.
LaTeX Font Info:    Redeclaring math symbol \subsetneqq on input line 207.
LaTeX Font Info:    Redeclaring math symbol \supsetneqq on input line 208.
LaTeX Font Info:    Redeclaring math symbol \varsubsetneqq on input line 209.
LaTeX Font Info:    Redeclaring math symbol \varsupsetneqq on input line 210.
LaTeX Font Info:    Redeclaring math symbol \subsetneq on input line 211.
LaTeX Font Info:    Redeclaring math symbol \supsetneq on input line 212.
LaTeX Font Info:    Redeclaring math symbol \nsubseteq on input line 213.
LaTeX Font Info:    Redeclaring math symbol \nsupseteq on input line 214.
LaTeX Font Info:    Redeclaring math symbol \nparallel on input line 215.
LaTeX Font Info:    Redeclaring math symbol \nmid on input line 216.
LaTeX Font Info:    Redeclaring math symbol \nshortmid on input line 217.
LaTeX Font Info:    Redeclaring math symbol \nshortparallel on input line 218.
LaTeX Font Info:    Redeclaring math symbol \nvdash on input line 219.
LaTeX Font Info:    Redeclaring math symbol \nVdash on input line 220.
LaTeX Font Info:    Redeclaring math symbol \nvDash on input line 221.
LaTeX Font Info:    Redeclaring math symbol \nVDash on input line 222.
LaTeX Font Info:    Redeclaring math symbol \ntrianglerighteq on input line 223
.
LaTeX Font Info:    Redeclaring math symbol \ntrianglelefteq on input line 224.

LaTeX Font Info:    Redeclaring math symbol \ntriangleleft on input line 225.
LaTeX Font Info:    Redeclaring math symbol \ntriangleright on input line 226.
LaTeX Font Info:    Redeclaring math symbol \nleftarrow on input line 227.
LaTeX Font Info:    Redeclaring math symbol \nrightarrow on input line 228.
LaTeX Font Info:    Redeclaring math symbol \nLeftarrow on input line 229.
LaTeX Font Info:    Redeclaring math symbol \nRightarrow on input line 230.
LaTeX Font Info:    Redeclaring math symbol \nLeftrightarrow on input line 231.

LaTeX Font Info:    Redeclaring math symbol \nleftrightarrow on input line 232.

LaTeX Font Info:    Redeclaring math symbol \divideontimes on input line 233.
LaTeX Font Info:    Redeclaring math symbol \varnothing on input line 234.
LaTeX Font Info:    Redeclaring math symbol \nexists on input line 235.
LaTeX Font Info:    Redeclaring math symbol \Finv on input line 236.
LaTeX Font Info:    Redeclaring math symbol \Game on input line 237.
LaTeX Font Info:    Redeclaring math symbol \eth on input line 240.
LaTeX Font Info:    Redeclaring math symbol \eqsim on input line 241.
LaTeX Font Info:    Redeclaring math symbol \beth on input line 242.
LaTeX Font Info:    Redeclaring math symbol \gimel on input line 243.
LaTeX Font Info:    Redeclaring math symbol \daleth on input line 244.
LaTeX Font Info:    Redeclaring math symbol \lessdot on input line 245.
LaTeX Font Info:    Redeclaring math symbol \gtrdot on input line 246.
LaTeX Font Info:    Redeclaring math symbol \ltimes on input line 247.
LaTeX Font Info:    Redeclaring math symbol \rtimes on input line 248.
LaTeX Font Info:    Redeclaring math symbol \shortmid on input line 249.
LaTeX Font Info:    Redeclaring math symbol \shortparallel on input line 250.
LaTeX Font Info:    Redeclaring math symbol \smallsetminus on input line 251.
LaTeX Font Info:    Redeclaring math symbol \thicksim on input line 252.
LaTeX Font Info:    Redeclaring math symbol \thickapprox on input line 253.
LaTeX Font Info:    Redeclaring math symbol \approxeq on input line 254.
LaTeX Font Info:    Redeclaring math symbol \succapprox on input line 255.
LaTeX Font Info:    Redeclaring math symbol \precapprox on input line 256.
LaTeX Font Info:    Redeclaring math symbol \curvearrowleft on input line 257.
LaTeX Font Info:    Redeclaring math symbol \curvearrowright on input line 258.

LaTeX Font Info:    Redeclaring math symbol \digamma on input line 259.
LaTeX Font Info:    Redeclaring math symbol \varkappa on input line 260.
LaTeX Font Info:    Redeclaring math symbol \Bbbk on input line 261.
LaTeX Font Info:    Redeclaring math symbol \hslash on input line 262.
LaTeX Font Info:    Redeclaring math symbol \backepsilon on input line 265.
)
\c@theorem=\count193
\c@corollary=\count194
\c@definition=\count195
\c@proposition=\count196
\c@assumption=\count197
\c@lemma=\count198
\c@endpage=\count199
\c@remark=\count266
\c@example=\count267
\c@ref=\count268
\c@section=\count269
\c@subsection=\count270
\c@subsubsection=\count271
LaTeX Font Info:    Redeclaring symbol font `AMSa' on input line 276.
LaTeX Font Info:    Overwriting symbol font `AMSa' in version `normal'
(Font)                  U/msa/m/n --> U/msa/m/n on input line 276.
LaTeX Font Info:    Overwriting symbol font `AMSa' in version `bold'
(Font)                  U/msa/m/n --> U/msa/m/n on input line 276.
LaTeX Info: Redefining \textsuperscript on input line 279.
\c@figure=\count272
\c@table=\count273
\bibindent=\dimen155
\endnotesep=\dimen156
\@enotes=\write3
)
(C:\Users\KSS-PC\AppData\Roaming\MiKTeX\tex/latex/natbib\natbib.sty
Package: natbib 2010/09/13 8.31b (PWD, AO)
\bibhang=\skip61
\bibsep=\skip62
LaTeX Info: Redefining \cite on input line 694.
\c@NAT@ctr=\count274
)
("C:\Program Files\MiKTeX\tex/latex/graphics\graphics.sty"
Package: graphics 2020/08/30 v1.4c Standard LaTeX Graphics (DPC,SPQR)

("C:\Program Files\MiKTeX\tex/latex/graphics\trig.sty"
Package: trig 2016/01/03 v1.10 sin cos tan (DPC)
)
("C:\Program Files\MiKTeX\tex/latex/graphics-cfg\graphics.cfg"
File: graphics.cfg 2016/06/04 v1.11 sample graphics configuration
)
Package graphics Info: Driver file: pdftex.def on input line 105.

("C:\Program Files\MiKTeX\tex/latex/graphics-def\pdftex.def"
File: pdftex.def 2020/10/05 v1.2a Graphics/color driver for pdftex
))
("C:\Program Files\MiKTeX\tex/latex/graphics\graphicx.sty"
Package: graphicx 2020/09/09 v1.2b Enhanced LaTeX Graphics (DPC,SPQR)
\Gin@req@height=\dimen157
\Gin@req@width=\dimen158
)
(C:\Users\KSS-PC\AppData\Roaming\MiKTeX\tex/latex/multirow\multirow.sty
Package: multirow 2021/01/29 v2.7 Span multiple rows of a table
\multirow@colwidth=\skip63
\multirow@cntb=\count275
\multirow@dima=\skip64
\bigstrutjot=\dimen159
)
(C:\Users\KSS-PC\AppData\Roaming\MiKTeX\tex/latex/subfigure\subfigure.sty
Package: subfigure 2002/07/30 v2.1.4 subfigure package
\subfigtopskip=\skip65
\subfigcapskip=\skip66
\subfigcaptopadj=\dimen160
\subfigbottomskip=\skip67
\subfigcapmargin=\dimen161
\subfiglabelskip=\skip68
\c@subfigure=\count276
\c@lofdepth=\count277
\c@subtable=\count278
\c@lotdepth=\count279

****************************************
* Local config file subfigure.cfg used *
****************************************
(C:\Users\KSS-PC\AppData\Roaming\MiKTeX\tex/latex/subfigure\subfigure.cfg)
\subfig@top=\skip69
\subfig@bottom=\skip70
)
("C:\Program Files\MiKTeX\tex/latex/latex-tools\enumerate.sty"
Package: enumerate 2015/07/23 v3.00 enumerate extensions (DPC)
\@enLab=\toks24
)
LaTeX Font Info:    Trying to load font information for OT1+txr on input line 2
4.

(C:\Users\KSS-PC\AppData\Roaming\MiKTeX\tex/latex/txfonts\ot1txr.fd
File: ot1txr.fd 2000/12/15 v3.1
)
("C:\Program Files\MiKTeX\tex/latex/l3backend\l3backend-pdftex.def"
File: l3backend-pdftex.def 2020-01-29 L3 backend support: PDF output (pdfTeX)
\l__color_backend_stack_int=\count280
\l__pdf_internal_box=\box49
)
(sample.aux

LaTeX Warning: Label `tb1' multiply defined.

)
\openout1 = `sample.aux'.

LaTeX Font Info:    Checking defaults for OML/txmi/m/it on input line 24.
LaTeX Font Info:    Trying to load font information for OML+txmi on input line 
24.
 (C:\Users\KSS-PC\AppData\Roaming\MiKTeX\tex/latex/txfonts\omltxmi.fd
File: omltxmi.fd 2000/12/15 v3.1
)
LaTeX Font Info:    ... okay on input line 24.
LaTeX Font Info:    Checking defaults for OMS/txsy/m/n on input line 24.
LaTeX Font Info:    Trying to load font information for OMS+txsy on input line 
24.

(C:\Users\KSS-PC\AppData\Roaming\MiKTeX\tex/latex/txfonts\omstxsy.fd
File: omstxsy.fd 2000/12/15 v3.1
)
LaTeX Font Info:    ... okay on input line 24.
LaTeX Font Info:    Checking defaults for OT1/cmr/m/n on input line 24.
LaTeX Font Info:    ... okay on input line 24.
LaTeX Font Info:    Checking defaults for T1/cmr/m/n on input line 24.
LaTeX Font Info:    ... okay on input line 24.
LaTeX Font Info:    Checking defaults for TS1/cmr/m/n on input line 24.
LaTeX Font Info:    ... okay on input line 24.
LaTeX Font Info:    Checking defaults for OMX/txex/m/n on input line 24.
LaTeX Font Info:    Trying to load font information for OMX+txex on input line 
24.

(C:\Users\KSS-PC\AppData\Roaming\MiKTeX\tex/latex/txfonts\omxtxex.fd
File: omxtxex.fd 2000/12/15 v3.1
)
LaTeX Font Info:    ... okay on input line 24.
LaTeX Font Info:    Checking defaults for U/txexa/m/n on input line 24.
LaTeX Font Info:    Trying to load font information for U+txexa on input line 2
4.

(C:\Users\KSS-PC\AppData\Roaming\MiKTeX\tex/latex/txfonts\utxexa.fd
File: utxexa.fd 2000/12/15 v3.1
)
LaTeX Font Info:    ... okay on input line 24.
LaTeX Font Info:    Checking defaults for LUC/nanummj/m/n on input line 24.
LaTeX Font Info:    Trying to load font information for LUC+nanummj on input li
ne 24.

(C:\Users\KSS-PC\AppData\Roaming\MiKTeX\tex/latex/nanumtype1\lucnanummj.fd
File: lucnanummj.fd 2013/02/12 v0.1 Nanum Myeongjo font definitions
)
LaTeX Font Info:    ... okay on input line 24.
Package caption Info: Begin \AtBeginDocument code.
Package caption Info: subfigure package is loaded.
Package caption Info: End \AtBeginDocument code.

("C:\Program Files\MiKTeX\tex/context/base/mkii\supp-pdf.mkii"
[Loading MPS to PDF converter (version 2006.09.02).]
\scratchcounter=\count281
\scratchdimen=\dimen162
\scratchbox=\box50
\nofMPsegments=\count282
\nofMParguments=\count283
\everyMPshowfont=\toks25
\MPscratchCnt=\count284
\MPscratchDim=\dimen163
\MPnumerator=\count285
\makeMPintoPDFobject=\count286
\everyMPtoPDFconversion=\toks26
) ("C:\Program Files\MiKTeX\tex/latex/epstopdf-pkg\epstopdf-base.sty"
Package: epstopdf-base 2020-01-24 v2.11 Base part for package epstopdf
Package epstopdf-base Info: Redefining graphics rule for `.eps' on input line 4
85.
)
LaTeX Font Info:    Trying to load font information for T1+phv on input line 26
.

(C:\Users\KSS-PC\AppData\Roaming\MiKTeX\tex/latex/psnfss\t1phv.fd
File: t1phv.fd 2020/03/25 scalable font definitions for T1/phv.
)
LaTeX Font Info:    Calculating math sizes for size <14.5> on input line 26.
LaTeX Font Info:    Trying to load font information for U+txmia on input line 2
6.

(C:\Users\KSS-PC\AppData\Roaming\MiKTeX\tex/latex/txfonts\utxmia.fd
File: utxmia.fd 2000/12/15 v3.1
)
LaTeX Font Info:    Trying to load font information for U+msa on input line 26.


("C:\Program Files\MiKTeX\tex/latex/amsfonts\umsa.fd"
File: umsa.fd 2013/01/14 v3.01 AMS symbols A
)
LaTeX Font Info:    Trying to load font information for U+msb on input line 26.


("C:\Program Files\MiKTeX\tex/latex/amsfonts\umsb.fd"
File: umsb.fd 2013/01/14 v3.01 AMS symbols B
)
LaTeX Font Info:    Trying to load font information for U+txsyc on input line 2
6.

(C:\Users\KSS-PC\AppData\Roaming\MiKTeX\tex/latex/txfonts\utxsyc.fd
File: utxsyc.fd 2000/12/15 v3.1
)
LaTeX Font Info:    Calculating math sizes for size <10.14995> on input line 26
.

Underfull \hbox (badness 10000) detected at line 26
$[]$
 []

LaTeX Font Info:    Trying to load font information for OT1+txss on input line 
35.
(C:\Users\KSS-PC\AppData\Roaming\MiKTeX\tex/latex/txfonts\ot1txss.fd
File: ot1txss.fd 2000/12/15 v3.1
)
LaTeX Font Info:    Font shape `OT1/txss/m/n' will be
(Font)              scaled to size 8.54997pt on input line 35.
LaTeX Font Info:    Font shape `OT1/txss/m/n' will be
(Font)              scaled to size 10.44997pt on input line 35.
LaTeX Font Info:    Calculating math sizes for size <11> on input line 35.
\openout3 = `sample.ent'.

LaTeX Font Info:    Calculating math sizes for size <7.69997> on input line 35.

LaTeX Font Info:    Font shape `OT1/txss/m/n' will be
(Font)              scaled to size 7.59998pt on input line 35.

Underfull \hbox (badness 10000) detected at line 35
$[]$
 []

(sample.ent)
LaTeX Font Info:    Font shape `OT1/txss/b/n' will be
(Font)              scaled to size 8.54997pt on input line 37.
LaTeX Font Info:    Trying to load font information for OT1+txtt on input line 
44.

(C:\Users\KSS-PC\AppData\Roaming\MiKTeX\tex/latex/txfonts\ot1txtt.fd
File: ot1txtt.fd 2000/12/15 v3.1
)
LaTeX Font Info:    Font shape `OT1/txss/b/n' will be
(Font)              scaled to size 10.44997pt on input line 55.
LaTeX Font Info:    Trying to load font information for LUC+nanumgt on input li
ne 55.

(C:\Users\KSS-PC\AppData\Roaming\MiKTeX\tex/latex/nanumtype1\lucnanumgt.fd
File: lucnanumgt.fd 2013/02/12 v0.1 Nanum Gothic font definitions
)

LaTeX Font Warning: Font shape `LUC/nanumgt/b/n' undefined
(Font)              using `LUC/nanumgt/m/n' instead on input line 55.


Overfull \hbox (11.73938pt too wide) in paragraph at lines 56--65
\LUC/nanummj/m/n/9/c7 t \LUC/nanummj/m/n/9/c6 \LUC/nanummj/m/n/9/c8 \LUC/nanu
mmj/m/n/9/d6 T\LUC/nanummj/m/n/9/c7 |@ \LUC/nanummj/m/n/9/d5 \\LUC/nanummj/m/n/
9/ad m\LUC/nanummj/m/n/9/d1 µ\LUC/nanummj/m/n/9/ac Ä\LUC/nanummj/m/n/9/d5 Y\LUC
/nanummj/m/n/9/d6 Œ H\LUC/nanummj/m/n/9/d3 ˜\LUC/nanummj/m/n/9/c7 t\LUC/nanummj
/m/n/9/c9 À\LUC/nanummj/m/n/9/c7 X \LUC/nanummj/m/n/9/d5 Y\LUC/nanummj/m/n/9/d6
 Œ\LUC/nanummj/m/n/9/c9 À \LUC/nanummj/m/n/9/c7 Q\LUC/nanummj/m/n/9/c6 ©\LUC/na
nummj/m/n/9/d1 µ\LUC/nanummj/m/n/9/ac Ä\LUC/nanummj/m/n/9/c5 ð\LUC/nanummj/m/n/
9/ad l\OT1/txr/m/n/9 (KJAS)\LUC/nanummj/m/n/9/c5 Ð\LUC/nanummj/m/n/9/c1  \LUC/
nanummj/m/n/9/c8 \LUC/nanummj/m/n/9/cd œ \LUC/nanummj/m/n/9/b1 |\LUC/nanummj/m
/n/9/bb 8\LUC/nanummj/m/n/9/c6 © \LUC/nanummj/m/n/9/c2 ¤\LUC/nanummj/m/n/9/d0 À
\LUC/nanummj/m/n/9/c7 | \LUC/nanummj/m/n/9/d6 T\LUC/nanummj/m/n/9/c7 |\OT1/txr/
m/n/9 (\OT1/txtt/m/n/9 kjas3.cls\OT1/txr/m/n/9 )
 []

[1{C:/Users/KSS-PC/AppData/Local/MiKTeX/pdftex/config/pdftex.map}

] [2] [3]
LaTeX Font Info:    Font shape `OT1/txr/b/n' in size <9> not available
(Font)              Font shape `OT1/txr/bx/n' tried instead on input line 195.
LaTeX Font Info:    Font shape `LUC/nanummj/m/it' in size <9> not available
(Font)              Font shape `LUC/nanummj/m/sl' tried instead on input line 1
96.
LaTeX Font Info:    Font shape `OT1/txr/b/it' in size <9> not available
(Font)              Font shape `OT1/txr/bx/it' tried instead on input line 204.

Package epstopdf Info: Source file: <fig1.eps>
(epstopdf)                    date: 2007-09-10 12:23:16
(epstopdf)                    size: 64247 bytes
(epstopdf)             Output file: <fig1-eps-converted-to.pdf>
(epstopdf)                    date: 2023-01-06 16:31:50
(epstopdf)                    size: 51833 bytes
(epstopdf)             Command: <epstopdf --outfile=fig1-eps-converted-to.pdf f
ig1.eps>
(epstopdf)             \includegraphics on input line 242.
Package epstopdf Info: Output file is already uptodate.


pdfTeX warning: pdflatex.exe (file ./fig1-eps-converted-to.pdf): PDF inclusion:
 found PDF version <1.7>, but at most version <1.5> allowed
<fig1-eps-converted-to.pdf, id=73, 557.08125pt x 418.56375pt>
File: fig1-eps-converted-to.pdf Graphic file (type pdf)
<use fig1-eps-converted-to.pdf>
Package pdftex.def Info: fig1-eps-converted-to.pdf  used on input line 242.
(pdftex.def)             Requested size: 284.5327pt x 128.03537pt.
Package epstopdf Info: Source file: <fig2.eps>
(epstopdf)                    date: 2012-11-10 18:36:02
(epstopdf)                    size: 14068 bytes
(epstopdf)             Output file: <fig2-eps-converted-to.pdf>
(epstopdf)                    date: 2023-01-06 16:31:52
(epstopdf)                    size: 12175 bytes
(epstopdf)             Command: <epstopdf --outfile=fig2-eps-converted-to.pdf f
ig2.eps>
(epstopdf)             \includegraphics on input line 243.
Package epstopdf Info: Output file is already uptodate.


pdfTeX warning: pdflatex.exe (file ./fig2-eps-converted-to.pdf): PDF inclusion:
 found PDF version <1.7>, but at most version <1.5> allowed
<fig2-eps-converted-to.pdf, id=74, 577.15625pt x 343.2825pt>
File: fig2-eps-converted-to.pdf Graphic file (type pdf)
<use fig2-eps-converted-to.pdf>
Package pdftex.def Info: fig2-eps-converted-to.pdf  used on input line 243.
(pdftex.def)             Requested size: 122.34244pt x 122.34541pt.
Package epstopdf Info: Source file: <fig3.eps>
(epstopdf)                    date: 2012-11-10 18:29:12
(epstopdf)                    size: 13230 bytes
(epstopdf)             Output file: <fig3-eps-converted-to.pdf>
(epstopdf)                    date: 2023-01-06 16:31:52
(epstopdf)                    size: 11903 bytes
(epstopdf)             Command: <epstopdf --outfile=fig3-eps-converted-to.pdf f
ig3.eps>
(epstopdf)             \includegraphics on input line 244.
Package epstopdf Info: Output file is already uptodate.


pdfTeX warning: pdflatex.exe (file ./fig3-eps-converted-to.pdf): PDF inclusion:
 found PDF version <1.7>, but at most version <1.5> allowed
<fig3-eps-converted-to.pdf, id=75, 577.15625pt x 343.2825pt>
File: fig3-eps-converted-to.pdf Graphic file (type pdf)
<use fig3-eps-converted-to.pdf>
Package pdftex.def Info: fig3-eps-converted-to.pdf  used on input line 244.
(pdftex.def)             Requested size: 122.34244pt x 122.34541pt.
<kjas.png, id=76, 182.93344pt x 121.95563pt>
File: kjas.png Graphic file (type png)
<use kjas.png>
Package pdftex.def Info: kjas.png  used on input line 250.
(pdftex.def)             Requested size: 199.18134pt x 142.26506pt.
<kjas.jpg, id=77, 182.93344pt x 121.95563pt>
File: kjas.jpg Graphic file (type jpg)
<use kjas.jpg>
Package pdftex.def Info: kjas.jpg  used on input line 251.
(pdftex.def)             Requested size: 199.18134pt x 142.26506pt.
[4]
Underfull \vbox (badness 2990) has occurred while \output is active []

 [5 <./fig1-eps-converted-to.pdf> <./fig2-eps-converted-to.pdf> <./fig3-eps-con
verted-to.pdf> <./kjas.png> <./kjas.jpg>]
LaTeX Font Info:    Font shape `OT1/txr/b/n' in size <6> not available
(Font)              Font shape `OT1/txr/bx/n' tried instead on input line 300.
LaTeX Font Info:    Font shape `LUC/nanummj/b/n' in size <9> not available
(Font)              Font shape `LUC/nanummj/bx/n' tried instead on input line 3
00.
 [6] [7]
Underfull \vbox (badness 10000) has occurred while \output is active []

 [8]
Underfull \vbox (badness 5578) has occurred while \output is active []

 [9]
[10] [11]
LaTeX Font Info:    Font shape `LUC/nanummj/b/n' in size <14.5> not available
(Font)              Font shape `LUC/nanummj/bx/n' tried instead on input line 6
21.
LaTeX Font Info:    Font shape `LUC/nanummj/b/n' in size <8> not available
(Font)              Font shape `LUC/nanummj/bx/n' tried instead on input line 6
21.
\openout3 = `sample.ent'.

 (sample.ent) [12] (sample.aux)

LaTeX Font Warning: Some font shapes were not available, defaults substituted.


LaTeX Warning: There were multiply-defined labels.

 ) 
Here is how much of TeX's memory you used:
 6184 strings out of 479618
 90556 string characters out of 2874899
 361215 words of memory out of 3000000
 23095 multiletter control sequences out of 15000+200000
 541088 words of font info for 382 fonts, out of 3000000 for 9000
 1141 hyphenation exceptions out of 8191
 83i,12n,88p,420b,435s stack positions out of 5000i,500n,10000p,200000b,50000s
{C:/Program Files/MiKTeX/fonts/enc/dvips/base/8r.enc} <C:\Users\KSS-PC\AppDat
a\Local\MiKTeX\fonts/pk/ljfour/jknappen/ec/dpi600\ecbi0900.pk><C:/Program Files
/MiKTeX/fonts/type1/public/amsfonts/symbols/msam10.pfb><C:/Users/KSS-PC/AppData
/Roaming/MiKTeX/fonts/type1/public/nanumtype1/nanumgtmac.pfb><C:/Users/KSS-PC/A
ppData/Roaming/MiKTeX/fonts/type1/public/nanumtype1/nanumgtmad.pfb><C:/Users/KS
S-PC/AppData/Roaming/MiKTeX/fonts/type1/public/nanumtype1/nanumgtmae.pfb><C:/Us
ers/KSS-PC/AppData/Roaming/MiKTeX/fonts/type1/public/nanumtype1/nanumgtmb0.pfb>
<C:/Users/KSS-PC/AppData/Roaming/MiKTeX/fonts/type1/public/nanumtype1/nanumgtmb
1.pfb><C:/Users/KSS-PC/AppData/Roaming/MiKTeX/fonts/type1/public/nanumtype1/nan
umgtmb2.pfb><C:/Users/KSS-PC/AppData/Roaming/MiKTeX/fonts/type1/public/nanumtyp
e1/nanumgtmb3.pfb><C:/Users/KSS-PC/AppData/Roaming/MiKTeX/fonts/type1/public/na
numtype1/nanumgtmb4.pfb><C:/Users/KSS-PC/AppData/Roaming/MiKTeX/fonts/type1/pub
lic/nanumtype1/nanumgtmb7.pfb><C:/Users/KSS-PC/AppData/Roaming/MiKTeX/fonts/typ
e1/public/nanumtype1/nanumgtmb8.pfb><C:/Users/KSS-PC/AppData/Roaming/MiKTeX/fon
ts/type1/public/nanumtype1/nanumgtmb9.pfb><C:/Users/KSS-PC/AppData/Roaming/MiKT
eX/fonts/type1/public/nanumtype1/nanumgtmba.pfb><C:/Users/KSS-PC/AppData/Roamin
g/MiKTeX/fonts/type1/public/nanumtype1/nanumgtmbb.pfb><C:/Users/KSS-PC/AppData/
Roaming/MiKTeX/fonts/type1/public/nanumtype1/nanumgtmbc.pfb><C:/Users/KSS-PC/Ap
pData/Roaming/MiKTeX/fonts/type1/public/nanumtype1/nanumgtmbd.pfb><C:/Users/KSS
-PC/AppData/Roaming/MiKTeX/fonts/type1/public/nanumtype1/nanumgtmbe.pfb><C:/Use
rs/KSS-PC/AppData/Roaming/MiKTeX/fonts/type1/public/nanumtype1/nanumgtmc0.pfb><
C:/Users/KSS-PC/AppData/Roaming/MiKTeX/fonts/type1/public/nanumtype1/nanumgtmc1
.pfb><C:/Users/KSS-PC/AppData/Roaming/MiKTeX/fonts/type1/public/nanumtype1/nanu
mgtmc2.pfb><C:/Users/KSS-PC/AppData/Roaming/MiKTeX/fonts/type1/public/nanumtype
1/nanumgtmc5.pfb><C:/Users/KSS-PC/AppData/Roaming/MiKTeX/fonts/type1/public/nan
umtype1/nanumgtmc6.pfb><C:/Users/KSS-PC/AppData/Roaming/MiKTeX/fonts/type1/publ
ic/nanumtype1/nanumgtmc7.pfb><C:/Users/KSS-PC/AppData/Roaming/MiKTeX/fonts/type
1/public/nanumtype1/nanumgtmc8.pfb><C:/Users/KSS-PC/AppData/Roaming/MiKTeX/font
s/type1/public/nanumtype1/nanumgtmc9.pfb><C:/Users/KSS-PC/AppData/Roaming/MiKTe
X/fonts/type1/public/nanumtype1/nanumgtmcc.pfb><C:/Users/KSS-PC/AppData/Roaming
/MiKTeX/fonts/type1/public/nanumtype1/nanumgtmd0.pfb><C:/Users/KSS-PC/AppData/R
oaming/MiKTeX/fonts/type1/public/nanumtype1/nanumgtmd1.pfb><C:/Users/KSS-PC/App
Data/Roaming/MiKTeX/fonts/type1/public/nanumtype1/nanumgtmd3.pfb><C:/Users/KSS-
PC/AppData/Roaming/MiKTeX/fonts/type1/public/nanumtype1/nanumgtmd4.pfb><C:/User
s/KSS-PC/AppData/Roaming/MiKTeX/fonts/type1/public/nanumtype1/nanumgtmd5.pfb><C
:/Users/KSS-PC/AppData/Roaming/MiKTeX/fonts/type1/public/nanumtype1/nanumgtmd6.
pfb><C:/Users/KSS-PC/AppData/Roaming/MiKTeX/fonts/type1/public/nanumtype1/nanum
mjbac.pfb><C:/Users/KSS-PC/AppData/Roaming/MiKTeX/fonts/type1/public/nanumtype1
/nanummjbad.pfb><C:/Users/KSS-PC/AppData/Roaming/MiKTeX/fonts/type1/public/nanu
mtype1/nanummjbae.pfb><C:/Users/KSS-PC/AppData/Roaming/MiKTeX/fonts/type1/publi
c/nanumtype1/nanummjbb2.pfb><C:/Users/KSS-PC/AppData/Roaming/MiKTeX/fonts/type1
/public/nanumtype1/nanummjbb3.pfb><C:/Users/KSS-PC/AppData/Roaming/MiKTeX/fonts
/type1/public/nanumtype1/nanummjbb4.pfb><C:/Users/KSS-PC/AppData/Roaming/MiKTeX
/fonts/type1/public/nanumtype1/nanummjbb5.pfb><C:/Users/KSS-PC/AppData/Roaming/
MiKTeX/fonts/type1/public/nanumtype1/nanummjbb9.pfb><C:/Users/KSS-PC/AppData/Ro
aming/MiKTeX/fonts/type1/public/nanumtype1/nanummjbbc.pfb><C:/Users/KSS-PC/AppD
ata/Roaming/MiKTeX/fonts/type1/public/nanumtype1/nanummjbbe.pfb><C:/Users/KSS-P
C/AppData/Roaming/MiKTeX/fonts/type1/public/nanumtype1/nanummjbc0.pfb><C:/Users
/KSS-PC/AppData/Roaming/MiKTeX/fonts/type1/public/nanumtype1/nanummjbc1.pfb><C:
/Users/KSS-PC/AppData/Roaming/MiKTeX/fonts/type1/public/nanumtype1/nanummjbc2.p
fb><C:/Users/KSS-PC/AppData/Roaming/MiKTeX/fonts/type1/public/nanumtype1/nanumm
jbc5.pfb><C:/Users/KSS-PC/AppData/Roaming/MiKTeX/fonts/type1/public/nanumtype1/
nanummjbc6.pfb><C:/Users/KSS-PC/AppData/Roaming/MiKTeX/fonts/type1/public/nanum
type1/nanummjbc7.pfb><C:/Users/KSS-PC/AppData/Roaming/MiKTeX/fonts/type1/public
/nanumtype1/nanummjbcc.pfb><C:/Users/KSS-PC/AppData/Roaming/MiKTeX/fonts/type1/
public/nanumtype1/nanummjbcd.pfb><C:/Users/KSS-PC/AppData/Roaming/MiKTeX/fonts/
type1/public/nanumtype1/nanummjbd0.pfb><C:/Users/KSS-PC/AppData/Roaming/MiKTeX/
fonts/type1/public/nanumtype1/nanummjbd1.pfb><C:/Users/KSS-PC/AppData/Roaming/M
iKTeX/fonts/type1/public/nanumtype1/nanummjbd2.pfb><C:/Users/KSS-PC/AppData/Roa
ming/MiKTeX/fonts/type1/public/nanumtype1/nanummjbd3.pfb><C:/Users/KSS-PC/AppDa
ta/Roaming/MiKTeX/fonts/type1/public/nanumtype1/nanummjbd4.pfb><C:/Users/KSS-PC
/AppData/Roaming/MiKTeX/fonts/type1/public/nanumtype1/nanummjbd5.pfb><C:/Users/
KSS-PC/AppData/Roaming/MiKTeX/fonts/type1/public/nanumtype1/nanummjmac.pfb><C:/
Users/KSS-PC/AppData/Roaming/MiKTeX/fonts/type1/public/nanumtype1/nanummjmac.pf
b><C:/Users/KSS-PC/AppData/Roaming/MiKTeX/fonts/type1/public/nanumtype1/nanummj
mad.pfb><C:/Users/KSS-PC/AppData/Roaming/MiKTeX/fonts/type1/public/nanumtype1/n
anummjmae.pfb><C:/Users/KSS-PC/AppData/Roaming/MiKTeX/fonts/type1/public/nanumt
ype1/nanummjmae.pfb><C:/Users/KSS-PC/AppData/Roaming/MiKTeX/fonts/type1/public/
nanumtype1/nanummjmb0.pfb><C:/Users/KSS-PC/AppData/Roaming/MiKTeX/fonts/type1/p
ublic/nanumtype1/nanummjmb0.pfb><C:/Users/KSS-PC/AppData/Roaming/MiKTeX/fonts/t
ype1/public/nanumtype1/nanummjmb1.pfb><C:/Users/KSS-PC/AppData/Roaming/MiKTeX/f
onts/type1/public/nanumtype1/nanummjmb2.pfb><C:/Users/KSS-PC/AppData/Roaming/Mi
KTeX/fonts/type1/public/nanumtype1/nanummjmb2.pfb><C:/Users/KSS-PC/AppData/Roam
ing/MiKTeX/fonts/type1/public/nanumtype1/nanummjmb3.pfb><C:/Users/KSS-PC/AppDat
a/Roaming/MiKTeX/fonts/type1/public/nanumtype1/nanummjmb4.pfb><C:/Users/KSS-PC/
AppData/Roaming/MiKTeX/fonts/type1/public/nanumtype1/nanummjmb5.pfb><C:/Users/K
SS-PC/AppData/Roaming/MiKTeX/fonts/type1/public/nanumtype1/nanummjmb6.pfb><C:/U
sers/KSS-PC/AppData/Roaming/MiKTeX/fonts/type1/public/nanumtype1/nanummjmb7.pfb
><C:/Users/KSS-PC/AppData/Roaming/MiKTeX/fonts/type1/public/nanumtype1/nanummjm
b8.pfb><C:/Users/KSS-PC/AppData/Roaming/MiKTeX/fonts/type1/public/nanumtype1/na
nummjmb8.pfb><C:/Users/KSS-PC/AppData/Roaming/MiKTeX/fonts/type1/public/nanumty
pe1/nanummjmb9.pfb><C:/Users/KSS-PC/AppData/Roaming/MiKTeX/fonts/type1/public/n
anumtype1/nanummjmb9.pfb><C:/Users/KSS-PC/AppData/Roaming/MiKTeX/fonts/type1/pu
blic/nanumtype1/nanummjmba.pfb><C:/Users/KSS-PC/AppData/Roaming/MiKTeX/fonts/ty
pe1/public/nanumtype1/nanummjmbb.pfb><C:/Users/KSS-PC/AppData/Roaming/MiKTeX/fo
nts/type1/public/nanumtype1/nanummjmbc.pfb><C:/Users/KSS-PC/AppData/Roaming/MiK
TeX/fonts/type1/public/nanumtype1/nanummjmbc.pfb><C:/Users/KSS-PC/AppData/Roami
ng/MiKTeX/fonts/type1/public/nanumtype1/nanummjmbd.pfb><C:/Users/KSS-PC/AppData
/Roaming/MiKTeX/fonts/type1/public/nanumtype1/nanummjmbd.pfb><C:/Users/KSS-PC/A
ppData/Roaming/MiKTeX/fonts/type1/public/nanumtype1/nanummjmbe.pfb><C:/Users/KS
S-PC/AppData/Roaming/MiKTeX/fonts/type1/public/nanumtype1/nanummjmc0.pfb><C:/Us
ers/KSS-PC/AppData/Roaming/MiKTeX/fonts/type1/public/nanumtype1/nanummjmc1.pfb>
<C:/Users/KSS-PC/AppData/Roaming/MiKTeX/fonts/type1/public/nanumtype1/nanummjmc
1.pfb><C:/Users/KSS-PC/AppData/Roaming/MiKTeX/fonts/type1/public/nanumtype1/nan
ummjmc2.pfb><C:/Users/KSS-PC/AppData/Roaming/MiKTeX/fonts/type1/public/nanumtyp
e1/nanummjmc4.pfb><C:/Users/KSS-PC/AppData/Roaming/MiKTeX/fonts/type1/public/na
numtype1/nanummjmc5.pfb><C:/Users/KSS-PC/AppData/Roaming/MiKTeX/fonts/type1/pub
lic/nanumtype1/nanummjmc5.pfb><C:/Users/KSS-PC/AppData/Roaming/MiKTeX/fonts/typ
e1/public/nanumtype1/nanummjmc6.pfb><C:/Users/KSS-PC/AppData/Roaming/MiKTeX/fon
ts/type1/public/nanumtype1/nanummjmc7.pfb><C:/Users/KSS-PC/AppData/Roaming/MiKT
eX/fonts/type1/public/nanumtype1/nanummjmc7.pfb><C:/Users/KSS-PC/AppData/Roamin
g/MiKTeX/fonts/type1/public/nanumtype1/nanummjmc8.pfb><C:/Users/KSS-PC/AppData/
Roaming/MiKTeX/fonts/type1/public/nanumtype1/nanummjmc8.pfb><C:/Users/KSS-PC/Ap
pData/Roaming/MiKTeX/fonts/type1/public/nanumtype1/nanummjmc9.pfb><C:/Users/KSS
-PC/AppData/Roaming/MiKTeX/fonts/type1/public/nanumtype1/nanummjmca.pfb><C:/Use
rs/KSS-PC/AppData/Roaming/MiKTeX/fonts/type1/public/nanumtype1/nanummjmcc.pfb><
C:/Users/KSS-PC/AppData/Roaming/MiKTeX/fonts/type1/public/nanumtype1/nanummjmcd
.pfb><C:/Users/KSS-PC/AppData/Roaming/MiKTeX/fonts/type1/public/nanumtype1/nanu
mmjmce.pfb><C:/Users/KSS-PC/AppData/Roaming/MiKTeX/fonts/type1/public/nanumtype
1/nanummjmd0.pfb><C:/Users/KSS-PC/AppData/Roaming/MiKTeX/fonts/type1/public/nan
umtype1/nanummjmd1.pfb><C:/Users/KSS-PC/AppData/Roaming/MiKTeX/fonts/type1/publ
ic/nanumtype1/nanummjmd2.pfb><C:/Users/KSS-PC/AppData/Roaming/MiKTeX/fonts/type
1/public/nanumtype1/nanummjmd3.pfb><C:/Users/KSS-PC/AppData/Roaming/MiKTeX/font
s/type1/public/nanumtype1/nanummjmd4.pfb><C:/Users/KSS-PC/AppData/Roaming/MiKTe
X/fonts/type1/public/nanumtype1/nanummjmd5.pfb><C:/Users/KSS-PC/AppData/Roaming
/MiKTeX/fonts/type1/public/nanumtype1/nanummjmd5.pfb><C:/Users/KSS-PC/AppData/R
oaming/MiKTeX/fonts/type1/public/nanumtype1/nanummjmd6.pfb><C:/Users/KSS-PC/App
Data/Roaming/MiKTeX/fonts/type1/public/nanumtype1/nanummjmd6.pfb><C:/Users/KSS-
PC/AppData/Roaming/MiKTeX/fonts/type1/public/nanumtype1/nanummjmd7.pfb><C:/User
s/KSS-PC/AppData/Roaming/MiKTeX/fonts/type1/public/txfonts/rtxmi.pfb><C:/Users/
KSS-PC/AppData/Roaming/MiKTeX/fonts/type1/public/txfonts/rtxr.pfb><C:/Users/KSS
-PC/AppData/Roaming/MiKTeX/fonts/type1/public/txfonts/txsy.pfb><C:/Users/KSS-PC
/AppData/Roaming/MiKTeX/fonts/type1/public/txfonts/txtt.pfb><C:/Program Files/M
iKTeX/fonts/type1/urw/helvetic/uhvb8a.pfb><C:/Program Files/MiKTeX/fonts/type1/
urw/helvetic/uhvr8a.pfb><C:/Program Files/MiKTeX/fonts/type1/urw/times/utmb8a.p
fb><C:/Program Files/MiKTeX/fonts/type1/urw/times/utmr8a.pfb><C:/Program Files/
MiKTeX/fonts/type1/urw/times/utmr8a.pfb><C:/Program Files/MiKTeX/fonts/type1/ur
w/times/utmri8a.pfb>
Output written on sample.pdf (12 pages, 4037021 bytes).
PDF statistics:
 559 PDF objects out of 1000 (max. 8388607)
 0 named destinations out of 1000 (max. 500000)
 26 words of extra memory for PDF output out of 10000 (max. 10000000)

